avcoe@avcoe-HP-ProDesk-400-G1-SFF:~$ sudo usermod -aG docker ${USER}
[sudo] password for avcoe: 
avcoe@avcoe-HP-ProDesk-400-G1-SFF:~$ su - ${USER}
Password: 
avcoe@avcoe-HP-ProDesk-400-G1-SFF:~$ groups
avcoe adm cdrom sudo dip plugdev lpadmin lxd sambashare docker
avcoe@avcoe-HP-ProDesk-400-G1-SFF:~$ sudo usermod -aG docker username
usermod: user 'username' does not exist
avcoe@avcoe-HP-ProDesk-400-G1-SFF:~$ sudo usermod -aG docker avcoe
avcoe@avcoe-HP-ProDesk-400-G1-SFF:~$ docker [option] [command] [arguments]
docker: '[option]' is not a docker command.
See 'docker --help'
avcoe@avcoe-HP-ProDesk-400-G1-SFF:~$ docker images
REPOSITORY   TAG       IMAGE ID   CREATED   SIZE
avcoe@avcoe-HP-ProDesk-400-G1-SFF:~$ docker pull hello-world
Using default tag: latest
latest: Pulling from library/hello-world
2db29710123e: Pull complete 
Digest: sha256:ffb13da98453e0f04d33a6eee5bb8e46ee50d08ebe17735fc0779d0349e889e9
Status: Downloaded newer image for hello-world:latest
docker.io/library/hello-world:latest
avcoe@avcoe-HP-ProDesk-400-G1-SFF:~$ docker images
REPOSITORY    TAG       IMAGE ID       CREATED         SIZE
hello-world   latest    feb5d9fea6a5   18 months ago   13.3kB
avcoe@avcoe-HP-ProDesk-400-G1-SFF:~$ docker run hello-world

Hello from Docker!
This message shows that your installation appears to be working correctly.

To generate this message, Docker took the following steps:
 1. The Docker client contacted the Docker daemon.
 2. The Docker daemon pulled the "hello-world" image from the Docker Hub.
    (amd64)
 3. The Docker daemon created a new container from that image which runs the
    executable that produces the output you are currently reading.
 4. The Docker daemon streamed that output to the Docker client, which sent it
    to your terminal.

To try something more ambitious, you can run an Ubuntu container with:
 $ docker run -it ubuntu bash

Share images, automate workflows, and more with a free Docker ID:
 https://hub.docker.com/

For more examples and ideas, visit:
 https://docs.docker.com/get-started/

avcoe@avcoe-HP-ProDesk-400-G1-SFF:~$ docker -v
Docker version 23.0.1, build a5ee5b1
avcoe@avcoe-HP-ProDesk-400-G1-SFF:~$ docker pull openjdk
Using default tag: latest
latest: Pulling from library/openjdk
197c1adcd755: Pull complete 
57b698b7af4b: Pull complete 
95a27dbe0150: Pull complete 
Digest: sha256:9b448de897d211c9e0ec635a485650aed6e28d4eca1efbc34940560a480b3f1f
Status: Downloaded newer image for openjdk:latest
docker.io/library/openjdk:latest
avcoe@avcoe-HP-ProDesk-400-G1-SFF:~$ docker images
REPOSITORY    TAG       IMAGE ID       CREATED         SIZE
openjdk       latest    71260f256d19   5 weeks ago     470MB
hello-world   latest    feb5d9fea6a5   18 months ago   13.3kB
avcoe@avcoe-HP-ProDesk-400-G1-SFF:~$ docker run hello-world

Hello from Docker!
This message shows that your installation appears to be working correctly.

To generate this message, Docker took the following steps:
 1. The Docker client contacted the Docker daemon.
 2. The Docker daemon pulled the "hello-world" image from the Docker Hub.
    (amd64)
 3. The Docker daemon created a new container from that image which runs the
    executable that produces the output you are currently reading.
 4. The Docker daemon streamed that output to the Docker client, which sent it
    to your terminal.

To try something more ambitious, you can run an Ubuntu container with:
 $ docker run -it ubuntu bash

Share images, automate workflows, and more with a free Docker ID:
 https://hub.docker.com/

For more examples and ideas, visit:
 https://docs.docker.com/get-started/

avcoe@avcoe-HP-ProDesk-400-G1-SFF:~$ docker ps
CONTAINER ID   IMAGE     COMMAND   CREATED   STATUS    PORTS     NAMES
avcoe@avcoe-HP-ProDesk-400-G1-SFF:~$ docker ps-a
docker: 'ps-a' is not a docker command.
See 'docker --help'
avcoe@avcoe-HP-ProDesk-400-G1-SFF:~$ docker ps -a
CONTAINER ID   IMAGE         COMMAND    CREATED          STATUS                      PORTS     NAMES
58ea9e624377   hello-world   "/hello"   51 seconds ago   Exited (0) 50 seconds ago             dreamy_feistel
73f20821e0a6   hello-world   "/hello"   16 minutes ago   Exited (0) 15 minutes ago             musing_moore
avcoe@avcoe-HP-ProDesk-400-G1-SFF:~$ docker run openjdk
Mar 20, 2023 9:32:44 AM java.util.prefs.FileSystemPreferences$1 run
INFO: Created user preferences directory.
|  Welcome to JShell -- Version 18.0.2.1
|  For an introduction type: /help intro

jshell> avcoe@avcoe-HP-ProDesk-400-G1-SFF:~$ docker ps -a
CONTAINER ID   IMAGE         COMMAND    CREATED              STATUS                          PORTS     NAMES
e8c4bcd57b69   openjdk       "jshell"   7 seconds ago        Exited (0) 4 seconds ago                  bold_beaver
58ea9e624377   hello-world   "/hello"   About a minute ago   Exited (0) About a minute ago             dreamy_feistel
73f20821e0a6   hello-world   "/hello"   16 minutes ago       Exited (0) 16 minutes ago                 musing_moore
avcoe@avcoe-HP-ProDesk-400-G1-SFF:~$ docker run --name jdk -it -d openjdk
013d1b1329c3b69bde53ab2a0de8b39704b6020349ad0dd1246f168d3240f85c
avcoe@avcoe-HP-ProDesk-400-G1-SFF:~$ docker exec -it e8c4bcd57b69 jshell
Error response from daemon: Container e8c4bcd57b690dd260c5dc0216851f0c31bfd198cd8ea3234bf185c5355467fb is not running
avcoe@avcoe-HP-ProDesk-400-G1-SFF:~$ docker ps -a
CONTAINER ID   IMAGE         COMMAND    CREATED          STATUS                      PORTS     NAMES
013d1b1329c3   openjdk       "jshell"   3 minutes ago    Up 3 minutes                          jdk
e8c4bcd57b69   openjdk       "jshell"   5 minutes ago    Exited (0) 5 minutes ago              bold_beaver
58ea9e624377   hello-world   "/hello"   6 minutes ago    Exited (0) 6 minutes ago              dreamy_feistel
73f20821e0a6   hello-world   "/hello"   22 minutes ago   Exited (0) 22 minutes ago             musing_moore
avcoe@avcoe-HP-ProDesk-400-G1-SFF:~$ docker exec -it 013d1b1329c3 jshell
|  Welcome to JShell -- Version 18.0.2.1
|  For an introduction type: /help intro

jshell> system.out.println
|  Error:
|  package system does not exist
|  system.out.println
|  ^--------^

jshell> system.out.println("hello shubhangi")
|  Error:
|  package system does not exist
|  system.out.println("hello shubhangi")
|  ^--------^

jshell> system.out.println("hello shubhangi");
|  Error:
|  package system does not exist
|  system.out.println("hello shubhangi");
|  ^--------^

jshell> System.out.println("hello shubhangi");
hello shubhangi

jshell> /exit
|  Goodbye
avcoe@avcoe-HP-ProDesk-400-G1-SFF:~$ docker pull python
Using default tag: latest
latest: Pulling from library/python
32fb02163b6b: Pull complete 
167c7feebee8: Pull complete 
d6dfff1f6f3d: Pull complete 
e9cdcd4942eb: Pull complete 
ca3bce705f6c: Pull complete 
5e1c6c4f8bbf: Pull complete 
2da42ff3382c: Pull complete 
86f9457966ab: Pull complete 
896264e2a03c: Pull complete 
Digest: sha256:0d753a7365274cef746b34dde9b4aaa27644f64e1567ed8f40ccd191ac4bd530
Status: Downloaded newer image for python:latest
docker.io/library/python:latest
avcoe@avcoe-HP-ProDesk-400-G1-SFF:~$ cd docker
avcoe@avcoe-HP-ProDesk-400-G1-SFF:~/docker$ docker build -t myubuntu .
[+] Building 39.8s (6/6) FINISHED                                                                                                             
 => [internal] load .dockerignore                                                                                                        1.1s
 => => transferring context: 2B                                                                                                          0.1s
 => [internal] load build definition from dockerfile                                                                                     1.2s
 => => transferring dockerfile: 93B                                                                                                      0.1s
 => [internal] load metadata for docker.io/library/ubuntu:latest                                                                         6.2s
 => [1/2] FROM docker.io/library/ubuntu@sha256:67211c14fa74f070d27cc59d69a7fa9aeff8e28ea118ef3babc295a0428a6d21                         14.1s
 => => resolve docker.io/library/ubuntu@sha256:67211c14fa74f070d27cc59d69a7fa9aeff8e28ea118ef3babc295a0428a6d21                          0.2s
 => => sha256:67211c14fa74f070d27cc59d69a7fa9aeff8e28ea118ef3babc295a0428a6d21 1.13kB / 1.13kB                                           0.0s
 => => sha256:7a57c69fe1e9d5b97c5fe649849e79f2cfc3bf11d10bbd5218b4eb61716aebe6 424B / 424B                                               0.0s
 => => sha256:08d22c0ceb150ddeb2237c5fa3129c0183f3cc6f5eeb2e7aa4016da3ad02140a 2.30kB / 2.30kB                                           0.0s
 => => sha256:2ab09b027e7f3a0c2e8bb1944ac46de38cebab7145f0bd6effebfe5492c818b6 29.53MB / 29.53MB                                        11.7s
 => => extracting sha256:2ab09b027e7f3a0c2e8bb1944ac46de38cebab7145f0bd6effebfe5492c818b6                                                0.7s
 => [2/2] RUN apt update                                                                                                                16.9s
 => exporting to image                                                                                                                   0.9s
 => => exporting layers                                                                                                                  0.7s
 => => writing image sha256:e2ad8a8545fd90b5bb01e1766b1740a638588bd5ab098ec39dde3f4da5fe3875                                             0.0s 
 => => naming to docker.io/library/myubuntu                                                                                              0.1s 
avcoe@avcoe-HP-ProDesk-400-G1-SFF:~/docker$ docker run myubuntu                                                                               
this is avcoe                                                                                                                                 
avcoe@avcoe-HP-ProDesk-400-G1-SFF:~/docker$ 


